// Jest Snapshot v1, https://goo.gl/fbAQLP

exports[`Renders a LaunchItem 1`] = `
<li>
  <div
    className="content"
  >
    <div
      className="flightNumber"
    >
      #
      1
    </div>
    <div
      className="missionName"
    >
      FalconSat
    </div>
    <div
      className="info"
    >
      <div>
        24th Mar 2006
      </div>
      <div
        className="rocketName"
      >
        Falcon 1
      </div>
    </div>
  </div>
</li>
`;
