// Jest Snapshot v1, https://goo.gl/fbAQLP

exports[`Renders a LaunchItem 1`] = `
<li
  className="LaunchItem"
>
  <div
    className="flightNumber"
  >
    #
    1
  </div>
  <div
    className="missionName"
  >
    FalconSat
  </div>
  <div
    className="info"
  >
    <div
      className="date"
    >
      25th Mar 2006
    </div>
    <div
      className="rocketName"
    >
      Falcon 1
    </div>
  </div>
</li>
`;
